2025-04-17T22:24:50.3796290Z Current runner version: '2.323.0'
2025-04-17T22:24:50.3827786Z ##[group]Operating System
2025-04-17T22:24:50.3828643Z Ubuntu
2025-04-17T22:24:50.3829096Z 24.04.2
2025-04-17T22:24:50.3830013Z LTS
2025-04-17T22:24:50.3830466Z ##[endgroup]
2025-04-17T22:24:50.3830966Z ##[group]Runner Image
2025-04-17T22:24:50.3831630Z Image: ubuntu-24.04
2025-04-17T22:24:50.3832398Z Version: 20250413.1.0
2025-04-17T22:24:50.3833436Z Included Software: https://github.com/actions/runner-images/blob/ubuntu24/20250413.1/images/ubuntu/Ubuntu2404-Readme.md
2025-04-17T22:24:50.3834918Z Image Release: https://github.com/actions/runner-images/releases/tag/ubuntu24%2F20250413.1
2025-04-17T22:24:50.3835839Z ##[endgroup]
2025-04-17T22:24:50.3836308Z ##[group]Runner Image Provisioner
2025-04-17T22:24:50.3836969Z 2.0.422.1
2025-04-17T22:24:50.3837426Z ##[endgroup]
2025-04-17T22:24:50.3838347Z ##[group]GITHUB_TOKEN Permissions
2025-04-17T22:24:50.3840469Z Contents: read
2025-04-17T22:24:50.3841014Z Metadata: read
2025-04-17T22:24:50.3841739Z ##[endgroup]
2025-04-17T22:24:50.3844127Z Secret source: Actions
2025-04-17T22:24:50.3845181Z Prepare workflow directory
2025-04-17T22:24:50.4240541Z Prepare all required actions
2025-04-17T22:24:50.4279646Z Getting action download info
2025-04-17T22:24:50.8921101Z ##[group]Download immutable action package 'actions/checkout@v4'
2025-04-17T22:24:50.8922256Z Version: 4.2.2
2025-04-17T22:24:50.8923281Z Digest: sha256:ccb2698953eaebd21c7bf6268a94f9c26518a7e38e27e0b83c1fe1ad049819b1
2025-04-17T22:24:50.8924559Z Source commit SHA: 11bd71901bbe5b1630ceea73d27597364c9af683
2025-04-17T22:24:50.8925289Z ##[endgroup]
2025-04-17T22:24:50.9725319Z Download action repository 'aquasecurity/trivy-action@0.30.0' (SHA:6c175e9c4083a92bbca2f9724c8a5e33bc2d97a5)
2025-04-17T22:24:51.5499086Z ##[group]Download immutable action package 'actions/upload-artifact@v4'
2025-04-17T22:24:51.5500182Z Version: 4.6.2
2025-04-17T22:24:51.5500996Z Digest: sha256:290722aa3281d5caf23d0acdc3dbeb3424786a1a01a9cc97e72f147225e37c38
2025-04-17T22:24:51.5502434Z Source commit SHA: ea165f8d65b6e75b540449e92b4886f43607fa02
2025-04-17T22:24:51.5503177Z ##[endgroup]
2025-04-17T22:24:51.7486028Z Getting action download info
2025-04-17T22:24:51.9139579Z Download action repository 'aquasecurity/setup-trivy@v0.2.2' (SHA:ff1b8b060f23b650436d419b5e13f67f5d4c3087)
2025-04-17T22:24:52.2130066Z ##[group]Download immutable action package 'actions/cache@v4'
2025-04-17T22:24:52.2131162Z Version: 4.2.3
2025-04-17T22:24:52.2132456Z Digest: sha256:c8a3bb963e1f1826d8fcc8d1354f0dd29d8ac1db1d4f6f20247055ae11b81ed9
2025-04-17T22:24:52.2133999Z Source commit SHA: 5a3ec84eff668545956fd18022155c47e93e2684
2025-04-17T22:24:52.2135060Z ##[endgroup]
2025-04-17T22:24:52.3270547Z Getting action download info
2025-04-17T22:24:52.5368366Z Complete job name: vulnerability-scan
2025-04-17T22:24:52.6121767Z ##[group]Run actions/checkout@v4
2025-04-17T22:24:52.6123244Z with:
2025-04-17T22:24:52.6124028Z   repository: BJMEJIA/devsu-demo-devops
2025-04-17T22:24:52.6125268Z   token: ***
2025-04-17T22:24:52.6126039Z   ssh-strict: true
2025-04-17T22:24:52.6126793Z   ssh-user: git
2025-04-17T22:24:52.6127572Z   persist-credentials: true
2025-04-17T22:24:52.6128426Z   clean: true
2025-04-17T22:24:52.6129210Z   sparse-checkout-cone-mode: true
2025-04-17T22:24:52.6130146Z   fetch-depth: 1
2025-04-17T22:24:52.6130889Z   fetch-tags: false
2025-04-17T22:24:52.6131659Z   show-progress: true
2025-04-17T22:24:52.6132740Z   lfs: false
2025-04-17T22:24:52.6133459Z   submodules: false
2025-04-17T22:24:52.6134260Z   set-safe-directory: true
2025-04-17T22:24:52.6135408Z env:
2025-04-17T22:24:52.6136126Z   PYTHON_VERSION: 3.11.3
2025-04-17T22:24:52.6136943Z ##[endgroup]
2025-04-17T22:24:52.7807084Z Syncing repository: BJMEJIA/devsu-demo-devops
2025-04-17T22:24:52.7810145Z ##[group]Getting Git version info
2025-04-17T22:24:52.7811754Z Working directory is '/home/runner/work/devsu-demo-devops/devsu-demo-devops'
2025-04-17T22:24:52.7814199Z [command]/usr/bin/git version
2025-04-17T22:24:52.7831681Z git version 2.49.0
2025-04-17T22:24:52.7861676Z ##[endgroup]
2025-04-17T22:24:52.7878311Z Temporarily overriding HOME='/home/runner/work/_temp/59c53780-d95d-4f96-ad4e-2197e80714db' before making global git config changes
2025-04-17T22:24:52.7883052Z Adding repository directory to the temporary git global config as a safe directory
2025-04-17T22:24:52.7893132Z [command]/usr/bin/git config --global --add safe.directory /home/runner/work/devsu-demo-devops/devsu-demo-devops
2025-04-17T22:24:52.7929429Z Deleting the contents of '/home/runner/work/devsu-demo-devops/devsu-demo-devops'
2025-04-17T22:24:52.7933453Z ##[group]Initializing the repository
2025-04-17T22:24:52.7938963Z [command]/usr/bin/git init /home/runner/work/devsu-demo-devops/devsu-demo-devops
2025-04-17T22:24:52.7995462Z hint: Using 'master' as the name for the initial branch. This default branch name
2025-04-17T22:24:52.7997591Z hint: is subject to change. To configure the initial branch name to use in all
2025-04-17T22:24:52.8000075Z hint: of your new repositories, which will suppress this warning, call:
2025-04-17T22:24:52.8002594Z hint:
2025-04-17T22:24:52.8004174Z hint: 	git config --global init.defaultBranch <name>
2025-04-17T22:24:52.8079500Z hint:
2025-04-17T22:24:52.8081679Z hint: Names commonly chosen instead of 'master' are 'main', 'trunk' and
2025-04-17T22:24:52.8085058Z hint: 'development'. The just-created branch can be renamed via this command:
2025-04-17T22:24:52.8087445Z hint:
2025-04-17T22:24:52.8088807Z hint: 	git branch -m <name>
2025-04-17T22:24:52.8091534Z Initialized empty Git repository in /home/runner/work/devsu-demo-devops/devsu-demo-devops/.git/
2025-04-17T22:24:52.8097470Z [command]/usr/bin/git remote add origin https://github.com/BJMEJIA/devsu-demo-devops
2025-04-17T22:24:52.8101877Z ##[endgroup]
2025-04-17T22:24:52.8103852Z ##[group]Disabling automatic garbage collection
2025-04-17T22:24:52.8105032Z [command]/usr/bin/git config --local gc.auto 0
2025-04-17T22:24:52.8108566Z ##[endgroup]
2025-04-17T22:24:52.8110733Z ##[group]Setting up auth
2025-04-17T22:24:52.8112342Z [command]/usr/bin/git config --local --name-only --get-regexp core\.sshCommand
2025-04-17T22:24:52.8130262Z [command]/usr/bin/git submodule foreach --recursive sh -c "git config --local --name-only --get-regexp 'core\.sshCommand' && git config --local --unset-all 'core.sshCommand' || :"
2025-04-17T22:24:52.8407176Z [command]/usr/bin/git config --local --name-only --get-regexp http\.https\:\/\/github\.com\/\.extraheader
2025-04-17T22:24:52.8439697Z [command]/usr/bin/git submodule foreach --recursive sh -c "git config --local --name-only --get-regexp 'http\.https\:\/\/github\.com\/\.extraheader' && git config --local --unset-all 'http.https://github.com/.extraheader' || :"
2025-04-17T22:24:52.8668317Z [command]/usr/bin/git config --local http.https://github.com/.extraheader AUTHORIZATION: basic ***
2025-04-17T22:24:52.8705892Z ##[endgroup]
2025-04-17T22:24:52.8707353Z ##[group]Fetching the repository
2025-04-17T22:24:52.8715283Z [command]/usr/bin/git -c protocol.version=2 fetch --no-tags --prune --no-recurse-submodules --depth=1 origin +776909004622cf5a11f27dac11f63ebeeb3b89e5:refs/remotes/origin/development
2025-04-17T22:24:53.3470890Z From https://github.com/BJMEJIA/devsu-demo-devops
2025-04-17T22:24:53.3475403Z  * [new ref]         776909004622cf5a11f27dac11f63ebeeb3b89e5 -> origin/development
2025-04-17T22:24:53.3505841Z ##[endgroup]
2025-04-17T22:24:53.3507926Z ##[group]Determining the checkout info
2025-04-17T22:24:53.3510319Z ##[endgroup]
2025-04-17T22:24:53.3511879Z [command]/usr/bin/git sparse-checkout disable
2025-04-17T22:24:53.3554630Z [command]/usr/bin/git config --local --unset-all extensions.worktreeConfig
2025-04-17T22:24:53.3583477Z ##[group]Checking out the ref
2025-04-17T22:24:53.3587214Z [command]/usr/bin/git checkout --progress --force -B development refs/remotes/origin/development
2025-04-17T22:24:53.3660377Z Switched to a new branch 'development'
2025-04-17T22:24:53.3662757Z branch 'development' set up to track 'origin/development'.
2025-04-17T22:24:53.3670493Z ##[endgroup]
2025-04-17T22:24:53.3709686Z [command]/usr/bin/git log -1 --format=%H
2025-04-17T22:24:53.3734168Z 776909004622cf5a11f27dac11f63ebeeb3b89e5
2025-04-17T22:24:53.4220418Z ##[group]Run aquasecurity/trivy-action@0.30.0
2025-04-17T22:24:53.4221457Z with:
2025-04-17T22:24:53.4222335Z   scan-type: fs
2025-04-17T22:24:53.4223054Z   ignore-unfixed: true
2025-04-17T22:24:53.4223803Z   format: table
2025-04-17T22:24:53.4224538Z   output: trivy-results.txt
2025-04-17T22:24:53.4225361Z   severity: CRITICAL
2025-04-17T22:24:53.4226084Z   exit-code: 0
2025-04-17T22:24:53.4226754Z   scan-ref: .
2025-04-17T22:24:53.4227445Z   vuln-type: os,library
2025-04-17T22:24:53.4228630Z   cache-dir: /home/runner/work/devsu-demo-devops/devsu-demo-devops/.cache/trivy
2025-04-17T22:24:53.4229984Z   list-all-pkgs: false
2025-04-17T22:24:53.4230735Z   version: v0.60.0
2025-04-17T22:24:53.4231426Z   cache: true
2025-04-17T22:24:53.4232250Z   skip-setup-trivy: false
2025-04-17T22:24:53.4233467Z   token-setup-trivy: ***
2025-04-17T22:24:53.4234254Z env:
2025-04-17T22:24:53.4234922Z   PYTHON_VERSION: 3.11.3
2025-04-17T22:24:53.4235688Z ##[endgroup]
2025-04-17T22:24:53.4478096Z ##[group]Run aquasecurity/setup-trivy@v0.2.2
2025-04-17T22:24:53.4479077Z with:
2025-04-17T22:24:53.4479719Z   version: v0.60.0
2025-04-17T22:24:53.4480444Z   cache: true
2025-04-17T22:24:53.4482108Z   token: ***
2025-04-17T22:24:53.4483326Z   path: $HOME/.local/bin
2025-04-17T22:24:53.4484401Z env:
2025-04-17T22:24:53.4485158Z   PYTHON_VERSION: 3.11.3
2025-04-17T22:24:53.4485932Z ##[endgroup]
2025-04-17T22:24:53.4546965Z ##[group]Run echo "dir=$HOME/.local/bin/trivy-bin" >> $GITHUB_OUTPUT
2025-04-17T22:24:53.4548460Z [36;1mecho "dir=$HOME/.local/bin/trivy-bin" >> $GITHUB_OUTPUT[0m
2025-04-17T22:24:53.4604818Z shell: /usr/bin/bash --noprofile --norc -e -o pipefail {0}
2025-04-17T22:24:53.4605958Z env:
2025-04-17T22:24:53.4606617Z   PYTHON_VERSION: 3.11.3
2025-04-17T22:24:53.4607395Z ##[endgroup]
2025-04-17T22:24:53.4856218Z ##[group]Run actions/cache@v4
2025-04-17T22:24:53.4857086Z with:
2025-04-17T22:24:53.4857801Z   path: /home/runner/.local/bin/trivy-bin
2025-04-17T22:24:53.4858804Z   key: trivy-binary-v0.60.0-Linux-X64
2025-04-17T22:24:53.4859746Z   enableCrossOsArchive: false
2025-04-17T22:24:53.4860610Z   fail-on-cache-miss: false
2025-04-17T22:24:53.4861427Z   lookup-only: false
2025-04-17T22:24:53.4862384Z   save-always: false
2025-04-17T22:24:53.4863104Z env:
2025-04-17T22:24:53.4863764Z   PYTHON_VERSION: 3.11.3
2025-04-17T22:24:53.4864539Z ##[endgroup]
2025-04-17T22:24:53.8107754Z Cache hit for: trivy-binary-v0.60.0-Linux-X64
2025-04-17T22:24:54.8566458Z Received 40995423 of 40995423 (100.0%), 44.9 MBs/sec
2025-04-17T22:24:54.8567291Z Cache Size: ~39 MB (40995423 B)
2025-04-17T22:24:54.8597681Z [command]/usr/bin/tar -xf /home/runner/work/_temp/e4af89cb-138b-4641-81cb-9eb5b0aa7382/cache.tzst -P -C /home/runner/work/devsu-demo-devops/devsu-demo-devops --use-compress-program unzstd
2025-04-17T22:24:55.0938163Z Cache restored successfully
2025-04-17T22:24:55.1195530Z Cache restored from key: trivy-binary-v0.60.0-Linux-X64
2025-04-17T22:24:55.1302671Z ##[group]Run echo /home/runner/.local/bin/trivy-bin >> $GITHUB_PATH
2025-04-17T22:24:55.1303114Z [36;1mecho /home/runner/.local/bin/trivy-bin >> $GITHUB_PATH[0m
2025-04-17T22:24:55.1350328Z shell: /usr/bin/bash --noprofile --norc -e -o pipefail {0}
2025-04-17T22:24:55.1350649Z env:
2025-04-17T22:24:55.1350824Z   PYTHON_VERSION: 3.11.3
2025-04-17T22:24:55.1351037Z ##[endgroup]
2025-04-17T22:24:55.1449413Z ##[group]Run echo "date=$(date +'%Y-%m-%d')" >> $GITHUB_OUTPUT
2025-04-17T22:24:55.1449795Z [36;1mecho "date=$(date +'%Y-%m-%d')" >> $GITHUB_OUTPUT[0m
2025-04-17T22:24:55.1496922Z shell: /usr/bin/bash --noprofile --norc -e -o pipefail {0}
2025-04-17T22:24:55.1497264Z env:
2025-04-17T22:24:55.1497454Z   PYTHON_VERSION: 3.11.3
2025-04-17T22:24:55.1497660Z ##[endgroup]
2025-04-17T22:24:55.1626226Z ##[group]Run actions/cache@v4
2025-04-17T22:24:55.1626465Z with:
2025-04-17T22:24:55.1626846Z   path: /home/runner/work/devsu-demo-devops/devsu-demo-devops/.cache/trivy
2025-04-17T22:24:55.1627396Z   key: cache-trivy-2025-04-17
2025-04-17T22:24:55.1627802Z   restore-keys: cache-trivy-
2025-04-17T22:24:55.1628037Z   enableCrossOsArchive: false
2025-04-17T22:24:55.1628256Z   fail-on-cache-miss: false
2025-04-17T22:24:55.1628483Z   lookup-only: false
2025-04-17T22:24:55.1628681Z   save-always: false
2025-04-17T22:24:55.1628855Z env:
2025-04-17T22:24:55.1629024Z   PYTHON_VERSION: 3.11.3
2025-04-17T22:24:55.1629226Z ##[endgroup]
2025-04-17T22:24:55.4449794Z Cache hit for: cache-trivy-2025-04-17
2025-04-17T22:24:56.6039522Z Received 36945109 of 45333717 (81.5%), 35.2 MBs/sec
2025-04-17T22:24:56.9699677Z Received 45333717 of 45333717 (100.0%), 31.6 MBs/sec
2025-04-17T22:24:56.9700962Z Cache Size: ~43 MB (45333717 B)
2025-04-17T22:24:56.9732915Z [command]/usr/bin/tar -xf /home/runner/work/_temp/16735521-800f-494d-90df-5b43ba6dcada/cache.tzst -P -C /home/runner/work/devsu-demo-devops/devsu-demo-devops --use-compress-program unzstd
2025-04-17T22:24:57.7342738Z Cache restored successfully
2025-04-17T22:24:57.7518356Z Cache restored from key: cache-trivy-2025-04-17
2025-04-17T22:24:57.7613406Z ##[group]Run echo "$GITHUB_ACTION_PATH" >> $GITHUB_PATH
2025-04-17T22:24:57.7613765Z [36;1mecho "$GITHUB_ACTION_PATH" >> $GITHUB_PATH[0m
2025-04-17T22:24:57.7660689Z shell: /usr/bin/bash --noprofile --norc -e -o pipefail {0}
2025-04-17T22:24:57.7661016Z env:
2025-04-17T22:24:57.7661207Z   PYTHON_VERSION: 3.11.3
2025-04-17T22:24:57.7661550Z   GITHUB_ACTION_PATH: /home/runner/work/_actions/aquasecurity/trivy-action/0.30.0
2025-04-17T22:24:57.7661906Z ##[endgroup]
2025-04-17T22:24:57.7748836Z ##[group]Run # Note: There is currently no way to distinguish between undefined variables and empty strings in GitHub Actions.
2025-04-17T22:24:57.7749625Z [36;1m# Note: There is currently no way to distinguish between undefined variables and empty strings in GitHub Actions.[0m
2025-04-17T22:24:57.7750211Z [36;1m# This limitation affects how we handle default values and empty inputs.[0m
2025-04-17T22:24:57.7750735Z [36;1m# For more information, see: https://github.com/actions/runner/issues/924[0m
2025-04-17T22:24:57.7751109Z [36;1m[0m
2025-04-17T22:24:57.7751470Z [36;1m# Function to set environment variable only if the input is provided and different from default[0m
2025-04-17T22:24:57.7751905Z [36;1mset_env_var_if_provided() {[0m
2025-04-17T22:24:57.7752405Z [36;1m  local var_name="$1"[0m
2025-04-17T22:24:57.7752640Z [36;1m  local input_value="$2"[0m
2025-04-17T22:24:57.7752880Z [36;1m  local default_value="$3"[0m
2025-04-17T22:24:57.7753102Z [36;1m[0m
2025-04-17T22:24:57.7753352Z [36;1m  if [ ! -z "$input_value" ] && [ "$input_value" != "$default_value" ]; then[0m
2025-04-17T22:24:57.7753728Z [36;1m    echo "$var_name=$input_value" >> $GITHUB_ENV[0m
2025-04-17T22:24:57.7754000Z [36;1m  fi[0m
2025-04-17T22:24:57.7754168Z [36;1m}[0m
2025-04-17T22:24:57.7754328Z [36;1m[0m
2025-04-17T22:24:57.7754594Z [36;1m# Set environment variables, handling those with default values[0m
2025-04-17T22:24:57.7755138Z [36;1m# cf. https://aquasecurity.github.io/trivy/latest/docs/configuration/#environment-variables[0m
2025-04-17T22:24:57.7755607Z [36;1mset_env_var_if_provided "TRIVY_INPUT" "" ""[0m
2025-04-17T22:24:57.7755929Z [36;1mset_env_var_if_provided "TRIVY_EXIT_CODE" "0" ""[0m
2025-04-17T22:24:57.7756289Z [36;1mset_env_var_if_provided "TRIVY_IGNORE_UNFIXED" "true" "false"[0m
2025-04-17T22:24:57.7756709Z [36;1mset_env_var_if_provided "TRIVY_PKG_TYPES" "os,library" "os,library"[0m
2025-04-17T22:24:57.7757209Z [36;1mset_env_var_if_provided "TRIVY_SEVERITY" "CRITICAL" "UNKNOWN,LOW,MEDIUM,HIGH,CRITICAL"[0m
2025-04-17T22:24:57.7757670Z [36;1mset_env_var_if_provided "TRIVY_FORMAT" "table" "table"[0m
2025-04-17T22:24:57.7758013Z [36;1mset_env_var_if_provided "TRIVY_TEMPLATE" "" ""[0m
2025-04-17T22:24:57.7758372Z [36;1mset_env_var_if_provided "TRIVY_OUTPUT" "trivy-results.txt" ""[0m
2025-04-17T22:24:57.7758736Z [36;1mset_env_var_if_provided "TRIVY_SKIP_DIRS" "" ""[0m
2025-04-17T22:24:57.7759231Z [36;1mset_env_var_if_provided "TRIVY_SKIP_FILES" "" ""[0m
2025-04-17T22:24:57.7759689Z [36;1mset_env_var_if_provided "TRIVY_TIMEOUT" "" ""[0m
2025-04-17T22:24:57.7760033Z [36;1mset_env_var_if_provided "TRIVY_IGNORE_POLICY" "" ""[0m
2025-04-17T22:24:57.7760359Z [36;1mset_env_var_if_provided "TRIVY_QUIET" "" ""[0m
2025-04-17T22:24:57.7760700Z [36;1mset_env_var_if_provided "TRIVY_LIST_ALL_PKGS" "false" "false"[0m
2025-04-17T22:24:57.7761055Z [36;1mset_env_var_if_provided "TRIVY_SCANNERS" "" ""[0m
2025-04-17T22:24:57.7761358Z [36;1mset_env_var_if_provided "TRIVY_CONFIG" "" ""[0m
2025-04-17T22:24:57.7761661Z [36;1mset_env_var_if_provided "TRIVY_TF_VARS" "" ""[0m
2025-04-17T22:24:57.7762130Z [36;1mset_env_var_if_provided "TRIVY_DOCKER_HOST" "" ""[0m
2025-04-17T22:24:57.7804014Z shell: /usr/bin/bash --noprofile --norc -e -o pipefail {0}
2025-04-17T22:24:57.7804331Z env:
2025-04-17T22:24:57.7804532Z   PYTHON_VERSION: 3.11.3
2025-04-17T22:24:57.7804743Z ##[endgroup]
2025-04-17T22:24:57.7890133Z ##[group]Run entrypoint.sh
2025-04-17T22:24:57.7890367Z [36;1mentrypoint.sh[0m
2025-04-17T22:24:57.7932737Z shell: /usr/bin/bash --noprofile --norc -e -o pipefail {0}
2025-04-17T22:24:57.7933059Z env:
2025-04-17T22:24:57.7933236Z   PYTHON_VERSION: 3.11.3
2025-04-17T22:24:57.7933440Z   TRIVY_EXIT_CODE: 0
2025-04-17T22:24:57.7933634Z   TRIVY_IGNORE_UNFIXED: true
2025-04-17T22:24:57.7933850Z   TRIVY_SEVERITY: CRITICAL
2025-04-17T22:24:57.7934064Z   TRIVY_OUTPUT: trivy-results.txt
2025-04-17T22:24:57.7934292Z   INPUT_SCAN_TYPE: fs
2025-04-17T22:24:57.7934481Z   INPUT_IMAGE_REF: 
2025-04-17T22:24:57.7934658Z   INPUT_SCAN_REF: .
2025-04-17T22:24:57.7934840Z   INPUT_TRIVYIGNORES: 
2025-04-17T22:24:57.7935023Z   INPUT_GITHUB_PAT: 
2025-04-17T22:24:57.7935223Z   INPUT_LIMIT_SEVERITIES_FOR_SARIF: 
2025-04-17T22:24:57.7935607Z   TRIVY_CACHE_DIR: /home/runner/work/devsu-demo-devops/devsu-demo-devops/.cache/trivy
2025-04-17T22:24:57.7936038Z ##[endgroup]
2025-04-17T22:24:57.8010881Z Running Trivy with options: trivy fs .
2025-04-17T22:24:57.8555479Z 2025-04-17T22:24:57Z	INFO	[vuln] Vulnerability scanning is enabled
2025-04-17T22:24:57.8556122Z 2025-04-17T22:24:57Z	INFO	[secret] Secret scanning is enabled
2025-04-17T22:24:57.8556708Z 2025-04-17T22:24:57Z	INFO	[secret] If your scanning is slow, please try '--scanners vuln' to disable secret scanning
2025-04-17T22:24:57.8557540Z 2025-04-17T22:24:57Z	INFO	[secret] Please see also https://trivy.dev/v0.60/docs/scanner/secret#recommendation for faster secret detection
2025-04-17T22:24:57.8628509Z 2025-04-17T22:24:57Z	WARN	[pip] Unable to find python `site-packages` directory. License detection is skipped.	err="site-packages directory not found"
2025-04-17T22:24:57.8629500Z 2025-04-17T22:24:57Z	INFO	Number of language-specific files	num=1
2025-04-17T22:24:57.8630135Z 2025-04-17T22:24:57Z	INFO	[pip] Detecting vulnerabilities...
2025-04-17T22:24:57.8828422Z ##[group]Run actions/upload-artifact@v4
2025-04-17T22:24:57.8828706Z with:
2025-04-17T22:24:57.8828915Z   name: vulnerability-report
2025-04-17T22:24:57.8829155Z   path: trivy-results.txt
2025-04-17T22:24:57.8829374Z   if-no-files-found: warn
2025-04-17T22:24:57.8829575Z   compression-level: 6
2025-04-17T22:24:57.8829784Z   overwrite: false
2025-04-17T22:24:57.8829989Z   include-hidden-files: false
2025-04-17T22:24:57.8830207Z env:
2025-04-17T22:24:57.8830378Z   PYTHON_VERSION: 3.11.3
2025-04-17T22:24:57.8830581Z   TRIVY_EXIT_CODE: 0
2025-04-17T22:24:57.8830770Z   TRIVY_IGNORE_UNFIXED: true
2025-04-17T22:24:57.8830985Z   TRIVY_SEVERITY: CRITICAL
2025-04-17T22:24:57.8831201Z   TRIVY_OUTPUT: trivy-results.txt
2025-04-17T22:24:57.8831424Z ##[endgroup]
2025-04-17T22:24:58.1066491Z With the provided path, there will be 1 file uploaded
2025-04-17T22:24:58.1073640Z Artifact name is valid!
2025-04-17T22:24:58.1075348Z Root directory input is valid!
2025-04-17T22:24:58.3039237Z Beginning upload of artifact content to blob storage
2025-04-17T22:24:58.4577470Z Uploaded bytes 1102
2025-04-17T22:24:58.4978884Z Finished uploading artifact content to blob storage!
2025-04-17T22:24:58.4982946Z SHA256 digest of uploaded artifact zip is 60a36d6ebf58dcbd6b8c1e908becf10ecde861eaf87f48ab9e77c2e0d6d59b1f
2025-04-17T22:24:58.4984510Z Finalizing artifact upload
2025-04-17T22:24:58.5984074Z Artifact vulnerability-report.zip successfully finalized. Artifact ID 2967210576
2025-04-17T22:24:58.5985308Z Artifact vulnerability-report has been successfully uploaded! Final size is 1102 bytes. Artifact ID is 2967210576
2025-04-17T22:24:58.5992556Z Artifact download URL: https://github.com/BJMEJIA/devsu-demo-devops/actions/runs/14525865824/artifacts/2967210576
2025-04-17T22:24:58.6154147Z Post job cleanup.
2025-04-17T22:24:58.6180579Z Post job cleanup.
2025-04-17T22:24:58.7418721Z Cache hit occurred on the primary key cache-trivy-2025-04-17, not saving cache.
2025-04-17T22:24:58.7512889Z Post job cleanup.
2025-04-17T22:24:58.7554460Z Post job cleanup.
2025-04-17T22:24:58.8801689Z Cache hit occurred on the primary key trivy-binary-v0.60.0-Linux-X64, not saving cache.
2025-04-17T22:24:58.8891290Z Post job cleanup.
2025-04-17T22:24:58.9818980Z [command]/usr/bin/git version
2025-04-17T22:24:58.9856042Z git version 2.49.0
2025-04-17T22:24:58.9900938Z Temporarily overriding HOME='/home/runner/work/_temp/356e457d-594a-429a-90be-8a567af946f8' before making global git config changes
2025-04-17T22:24:58.9902419Z Adding repository directory to the temporary git global config as a safe directory
2025-04-17T22:24:58.9915365Z [command]/usr/bin/git config --global --add safe.directory /home/runner/work/devsu-demo-devops/devsu-demo-devops
2025-04-17T22:24:58.9954011Z [command]/usr/bin/git config --local --name-only --get-regexp core\.sshCommand
2025-04-17T22:24:58.9986996Z [command]/usr/bin/git submodule foreach --recursive sh -c "git config --local --name-only --get-regexp 'core\.sshCommand' && git config --local --unset-all 'core.sshCommand' || :"
2025-04-17T22:24:59.0219188Z [command]/usr/bin/git config --local --name-only --get-regexp http\.https\:\/\/github\.com\/\.extraheader
2025-04-17T22:24:59.0239793Z http.https://github.com/.extraheader
2025-04-17T22:24:59.0252810Z [command]/usr/bin/git config --local --unset-all http.https://github.com/.extraheader
2025-04-17T22:24:59.0285708Z [command]/usr/bin/git submodule foreach --recursive sh -c "git config --local --name-only --get-regexp 'http\.https\:\/\/github\.com\/\.extraheader' && git config --local --unset-all 'http.https://github.com/.extraheader' || :"
2025-04-17T22:24:59.0612327Z Cleaning up orphan processes
